# fix-kali-2019.1
update 2019 package

fix broken packages in kali install 2019.1

first things first:
step 1.
wget --no-check-certificate -q -O - https://archive.kali.org/archive-key.asc | apt-key add

copy to (/etc/apt/sources.list)
deb http://http.kali.org/kali kali-rolling main contrib non-free
deb-src http://http.kali.org/kali kali-rolling main contrib non-free

run in terminal
apt update && apt -y full-upgrade

https://superuser.com/questions/1600863/whats-going-on-in-my-kali-linux-e-error-pkgproblemresolverresolve-generated


Simply clear the dpkg/status as follows...

$ leafpad /var/lib/dpkg/status

Select all [Ctrl+A], and delete (Del)
Make sure the status is cleared by typing...

$ cat /var/lib/dpkg/status

Update apt and install failed packages...
$ apt update apt install -f


Fixing Unmet Dependencies Error (broken packages)
$ sudo apt-get install -f
$ sudo dpkg-configure -a
$ sudo apt-get install -f


if you get this. the error is not fixed
0 upgraded, 0 newly installed, 0 to remove, and 0 not upgraded.

run this 
$ sudo apt-get update
$ sudo apt-get install aptitude

sudo apt-get -u dist-upgrade

sudo apt-get -o Debug::pkgProblemResolver=yes dist-upgrade


clearing the package database
$ sudo apt-get clean 
$ sudo apt-get autoclean



IF THE APPLICATIONS MENU DISAPEERS.
apt-get install gnome-core kali-defaults kali-root-login desktop-base
